2026.02.08 10:46:24 INFO  Started: Metals version 1.6.5 in folders 'C:\Users\janhl\Documents\Java Projekti\MLB-App' for client Visual Studio Code 1.109.0.
2026.02.08 10:46:24 INFO  Memory monitor started
2026.02.08 10:46:27 WARN  Using H2 2.4.240 which is newer than the version Flyway has been verified with. The latest verified version of H2 is 2.3.232.
2026.02.08 10:50:07 INFO  no build target found for C:\Users\janhl\Documents\Java Projekti\MLB-App\src\main\java\com\mlb_app\MLB_App\Controller\PitcherController.java. Using fallback presentation compiler.
2026.02.08 10:50:08 INFO  no build target found for C:\Users\janhl\Documents\Java Projekti\MLB-App\src\main\java\com\mlb_app\MLB_App\Controller\PitcherController.java. Using fallback presentation compiler.
Feb 08, 2026 10:50:08 AM org.eclipse.lsp4j.jsonrpc.RemoteEndpoint handleCancellation
WARNING: Unmatched cancel notification for request id 1
2026.02.08 10:50:07 INFO  no build target found for C:\Users\janhl\Documents\Java Projekti\MLB-App\src\main\java\com\mlb_app\MLB_App\Controller\PitcherController.java. Using fallback presentation compiler.
Feb 08, 2026 10:50:08 AM org.eclipse.lsp4j.jsonrpc.RemoteEndpoint handleCancellation
WARNING: Unmatched cancel notification for request id 5
2026.02.08 10:50:08 INFO  no build target found for C:\Users\janhl\Documents\Java Projekti\MLB-App\src\main\java\com\mlb_app\MLB_App\Controller\PitcherController.java. Using fallback presentation compiler.
2026.02.08 10:50:31 INFO  no build target found for C:\Users\janhl\Documents\Java Projekti\MLB-App\src\main\java\com\mlb_app\MLB_App\Controller\PitcherController.java. Using fallback presentation compiler.
Feb 08, 2026 1:13:03 PM org.eclipse.lsp4j.jsonrpc.services.GenericEndpoint notify
INFO: Unsupported notification method: $/setTrace
Feb 08, 2026 7:04:41 PM org.eclipse.lsp4j.jsonrpc.services.GenericEndpoint notify
INFO: Unsupported notification method: $/setTrace
2026.02.08 19:06:20 INFO  Shutting down server
2026.02.08 19:06:20 INFO  Memory monitor stopped
2026.02.08 19:06:20 INFO  shutting down Metals
2026.02.08 19:06:20 INFO  Exiting server
